module M : sig type nonrec t = int[@@genType ] val x : int[@@genType ] end =
  struct type nonrec t = int
         let x = 34 end 