// Jest Snapshot v1, https://goo.gl/fbAQLP

exports[`interface.resi 1`] = `
"val x : int
val s : string"
`;
