[%%itemExtension ]
[%%item.extension ]
[%%item.extension.with.args "argument"]
[%%item.extension.with.args fun x -> f x]
[%%itemExtension ][@@attrOnExtension ]