module A = [%modExprExtension ]
module B = [%mod.expr.extension ]
module C = [%mod.expr.extension.with.args "argument"]
module D = [%mod.expr.extension.with.args fun x -> f x]