[@@@standaloneAttribute ]
[@@@standaloneAttribute "with payload"]
[@@@standaloneAttribute fun x -> x + 1]