
  Syntax error!
  tests/parsing/recovery/expression/emptyBlock.res:1:10

  1 │ let x = {}
  2 │ 
  3 │ let f = (a, b) => {}

  This let-binding misses an expression


  Syntax error!
  tests/parsing/recovery/expression/emptyBlock.res:3:20

  1 │ let x = {}
  2 │ 
  3 │ let f = (a, b) => {}
  4 │ 

  Missing expression

let x = ((())[@ns.braces ])
let f a b = ((())[@ns.braces ])