// Jest Snapshot v1, https://goo.gl/fbAQLP

exports[`eof.res 1`] = `"let x = 1"`;
