type nonrec t = [%typ ]
type nonrec t = [%raw.typ ]
type nonrec t = [%raw.typ "existential"]
let (t : [%typ ]) = x
let (t : [%raw.typ ]) = x
let (t : [%raw.typ "ex"]) = x