/* parses ocaml files */
let x = {
  let a = 1
  let b = 2
  a + b
}
