let component = props["Component"]

let element = props["element"]

let y = {"age": 30}
let y = {"age": 30, "name": "steve"}

type propField<'a> = {.}
type propField<'a> = {..} as 'a
type propField<'a> = {..} as 'a
type propField<'a> = Js.nullable<{..} as 'a>

type propField<'a> = {"a": b}
type propField<'a> = {.."a": b}
type propField<'a> = {"a": {"b": c}}
