type nonrec callback = ReactEvent.Mouse.t -> unit[@@genType ]
type nonrec t = int[@@genType ]
and s = string[@@genType ]
type nonrec t = int[@@genType ]
and s = string
type nonrec t = int
and s = string[@@genType ]
let callback _ = Js.log "Clicked"[@@genType ]
let callback _ = Js.log "Clicked"[@@genType ]
let x = "hello world"[@@genType ]
and y = 2[@@genType ]
let x = "hello world"[@@genType ]
and y = 2[@@genType ]
let x = "hello world"
and y = 2[@@genType ]