let x = `Red
let z = `Rgb ()
let v = `Vertex (1., 2., 3., 4.)
let animation = `ease-in