;;match x with | A -> () | B -> ()
;;match a + b with | _ -> ()
;;match a + b with | _ -> ()
;;match (a, b) with | (Some a, Some b) -> (a + b) + c | _ -> 3
;;match person1 with
  | Teacher _ -> ()
  | Student { reportCard = { gpa } } when gpa < 0.5 ->
      Js.log "What's happening"
  | Student { reportCard = { gpa } } when gpa > 0.9 ->
      Js.log "Take more free time, you study too much."
  | Student _ -> Js.log "Heyo"