// Jest Snapshot v1, https://goo.gl/fbAQLP

exports[`closingBraces.nsi 1`] = `
"=====Parsetree==========================================
val x : int
val y : int
=====Errors=============================================

File \\"/napkinscript/tests/parsing/errors/signature/closingBraces.nsi\\", line 3, characters 0-1:


1 â”‚  let x: int
2 â”‚  
[31m3[0m â”‚  [31m}[0m}}
4 â”‚  
5 â”‚  let y: int

I'm not sure what to parse here when looking at \\"}\\".



========================================================"
`;

exports[`consecutive.nsi 1`] = `
"=====Parsetree==========================================
val x : int
val y : float
val z1 : int[@@genType ]
val z2 : float[@@genType ]
=====Errors=============================================

File \\"/napkinscript/tests/parsing/errors/signature/consecutive.nsi\\", line 1, characters 10-14:


[31m1[0m â”‚  let x: int[31m let[0m y: float
2 â”‚  
3 â”‚  export z1: int export z2: float

consecutive specifications on a line must be separated by ';' or a newline


File \\"/napkinscript/tests/parsing/errors/signature/consecutive.nsi\\", line 3, characters 14-21:


1 â”‚  let x: int let y: float
2 â”‚  
[31m3[0m â”‚  export z1: int[31m export[0m z2: float

consecutive specifications on a line must be separated by ';' or a newline



========================================================"
`;
