// Jest Snapshot v1, https://goo.gl/fbAQLP

exports[`emptyBlock.res 1`] = `
"let x = ((())[@ns.braces ])
let f a b = ((())[@ns.braces ])"
`;

exports[`if.res 1`] = `";;if foo = bar then Js.log \\"if-branch\\" else Js.log \\"else-branch\\""`;

exports[`infinite.res 1`] = `"let smallest = ((heap.compare ())[@bs ]) < (a |. (f b))"`;

exports[`jsx.res 1`] = `
"let x = ((div ~children:[] ())[@JSX ])
[@@@ ]
;;[%rescript.exprhole ][@@ ]"
`;

exports[`list.res 1`] = `
"let flags =
  ((if reasonFormat
    then
      ((let parts = Utils.split_on_char ' ' flags in
        let rec loop items =
          ((match items with
            | [|\\"-pp\\";_ppFlag;rest|] -> loop rest
            | [|x;rest|] -> [|x;(loop rest)|]
            | [||] -> [||])
          [@ns.braces ]) in
        (loop parts) |> (String.concat \\" \\"))
      [@ns.braces ])
    else flags)
  [@ns.ternary ])"
`;
