module type Ext  =
  sig
    [%%item.extension ]
    [%%item.extension.with.args "argument"]
    [%%item.extension.with.args fun x -> f x]
    [%%item.extension ][@@withAttr ]
  end