// Jest Snapshot v1, https://goo.gl/fbAQLP

exports[`attributes.resi 1`] = `
"@@attr
@@standaloneAttribute

@@standaloneAttribute(paylod => f(payload))

@@standalone(debugger)

@@standalone(\\"eval_raw__\\")
"
`;

exports[`exception.resi 1`] = `
"exception Exit

@onConstructor exception ExitEarly

exception Exit = Terminate
exception Exit = Lib.Terminate
exception Exit = Ns.Lib.Terminate
"
`;

exports[`extension.resi 1`] = `
"%%bs.raw(\\"eval(js)\\")

@attr
%%extension(payload)
"
`;

exports[`include.resi 1`] = `
"include Belt

include {
  let x: int
  let y: int

  let add: (int, int) => int
}
"
`;

exports[`modtype.resi 1`] = `
"module type IntSum = {
  let x: int
  let y: int

  let add: (int, int) => int
}

module type LinkedList = module type of List

module type Functoria = (X: Int, Y: Float) => Float

module type Ext = %extension

module type MyInt = Int

module type X = A with type t = string

module type LongNaaaaame = MyModule
  with module X.Bar = Belt.Array
  and module X.Bar = Belt.Array
  and module X.Bar = Belt.Array

@attr
module type LinkedList = module type of List
"
`;

exports[`module.resi 1`] = `
"module IntSum: {
  let x: int
  let y: int

  let add: (int, int) => int
}

module LinkedList: module type of List

module Functoria: (X: Int, Y: Float) => Float

module Ext: %extension

module MyInt = Int
module MyInt: Int

module X: A with type t = string

module LongNaaaaame: MyModule
  with module X.Bar = Belt.Array
  and module X.Bar = Belt.Array
  and module X.Bar = Belt.Array

@attr
module LinkedList: module type of List
"
`;

exports[`open.resi 1`] = `
"open Belt

open! Belt

@attr
open Belt
"
`;

exports[`recModule.resi 1`] = `
"module type Signature = {
  module rec A: {
    type t = Leaf(string) | Node(ASet.t)
    let compare: (t, t) => int
  }
  // notice the need for the parens on the module_type
  // otherwise \`and\` signals the start another with-constraint
  and ASet: (Set.S with type elt = A.t)
  and BTree: (Btree.S with type elt = A.t)

  @onFirstAttr
  module rec A: {
    type t = Leaf(string) | Node(ASet.t)
    let compare: (t, t) => int
  }
  @onSecondAttr
  and ASet: (Set.S with type elt = A.t)

  @parsableOnNext
  module rec A: Btree
  and ASet: BSet
}
"
`;

exports[`type.resi 1`] = `
"type s = string

type user = {name: string, age: int}

type color =
  | Red
  | Blue
  | Black
"
`;

exports[`typext.resi 1`] = `
"type Rgb.color +=
  | Red
  | Blue
  | Green
"
`;

exports[`value.resi 1`] = `
"let x: int
let add: (int, int) => int

let y: float

external eval: string => unit = \\"js_core_eval\\"
"
`;
