// Jest Snapshot v1, https://goo.gl/fbAQLP

exports[`arrow.js 1`] = `
"=====Parsetree==========================================
external add_nat : nat -> int = \\"add_nat_bytecode\\" \\"add_nat_native\\"
module Error2 =
  struct
    type nonrec observation =
      {
      observed: int ;
      onStep: currentValue:unit -> [%napkinscript.typehole ] }
  end
module Error3 =
  struct
    type nonrec observation =
      {
      observed: int ;
      onStep: currentValue:unit -> [%napkinscript.typehole ] }
  end
=====Errors=============================================

File \\"/syntax/tests/parsing/errors/typexpr/arrow.js\\", line 2, characters 21-24:


1 â”‚  // notice usage of -> instead of =>
[31m2[0m â”‚  external add_nat: nat -> int = \\"add_nat_bytecode\\" \\"add_nat_native\\"          
                           [31m^^[0m
3 â”‚  
4 â”‚  module Error2 = {

Did you forget a \`=>\` here? 


File \\"/syntax/tests/parsing/errors/typexpr/arrow.js\\", line 7, characters 26-30:


5 â”‚    type observation ={
6 â”‚      observed: int,
[31m7[0m â”‚      onStep: (~currentValue   ) => unit          
                                [31m^[0m
8 â”‚    }
9 â”‚  }

Did you forget a \`:\` here? It signals the start of a type


File \\"/syntax/tests/parsing/errors/typexpr/arrow.js\\", line 14, characters 25-29:


12 â”‚    type observation ={
13 â”‚      observed: int,
[31m14[0m â”‚      onStep: ~currentValue  => unit          
                               [31m^[0m
15 â”‚    }
16 â”‚  }

Did you forget a \`:\` here? It signals the start of a type



========================================================"
`;

exports[`bsObjSugar.js 1`] = `
"=====Parsetree==========================================
type nonrec state =
  < url: [%napkinscript.typehole ]  ;protocols: string array   >  Js.t
type nonrec state =
  < url: [%napkinscript.typehole ] [@attr ] ;protocols: string array   > 
    Js.t
type nonrec state =
  <
    url: string  ;protocols: [%napkinscript.typehole ]  ;websocket: Websocket.t
                                                             > 
    Js.t
type nonrec state =
  < url: string  ;protocols: [%napkinscript.typehole ]   >  Js.t
type nonrec state =
  < send: string -> [%napkinscript.typehole ] [@bs.meth ]  >  Js.t
type nonrec state = < age: [%napkinscript.typehole ]  ;name: string   >  Js.t
type nonrec state =
  < age: [%napkinscript.typehole ] [@bs.set ] ;name: string   >  Js.t
type nonrec state = < age: [%napkinscript.typehole ]   ;.. >  Js.t
type nonrec state =
  < age: [%napkinscript.typehole ]  ;name: string   ;.. >  Js.t
type nonrec websocket =
  < id: [%napkinscript.typehole ]  ;channel: channelTyp   >  Js.t
type nonrec websocket = < id: [%napkinscript.typehole ]   >  Js.t
=====Errors=============================================

File \\"/syntax/tests/parsing/errors/typexpr/bsObjSugar.js\\", line 2, characters 7-21:


1 â”‚  type state = {
[31m2[0m â”‚    \\"url\\"          
             [31m^[0m
3 â”‚    \\"protocols\\": array<string>
4 â”‚  }

Did you forget a \`:\` here? It signals the start of a type


File \\"/syntax/tests/parsing/errors/typexpr/bsObjSugar.js\\", line 7, characters 13-27:


5 â”‚  
6 â”‚  type state = {
[31m7[0m â”‚    @attr \\"url\\"          
                   [31m^[0m
8 â”‚    \\"protocols\\": array<string>
9 â”‚  }

Did you forget a \`:\` here? It signals the start of a type


File \\"/syntax/tests/parsing/errors/typexpr/bsObjSugar.js\\", line 13, characters 13-27:


11 â”‚  type state = {
12 â”‚    \\"url\\": string,
[31m13[0m â”‚    \\"protocols\\"          
                   [31m^[0m
14 â”‚    \\"websocket\\": Websocket.t,
15 â”‚  }

Did you forget a \`:\` here? It signals the start of a type


File \\"/syntax/tests/parsing/errors/typexpr/bsObjSugar.js\\", line 19, characters 13-15:


17 â”‚  type state = {
18 â”‚    \\"url\\": string,
[31m19[0m â”‚    \\"protocols\\"          
                   [31m^[0m
20 â”‚  }
21 â”‚  

Did you forget a \`:\` here? It signals the start of a type


File \\"/syntax/tests/parsing/errors/typexpr/bsObjSugar.js\\", line 24, characters 19-21:


22 â”‚  type state = {
23 â”‚    @bs.meth
[31m24[0m â”‚    \\"send\\": string =>
25 â”‚  }
26 â”‚  

I'm missing a type here


File \\"/syntax/tests/parsing/errors/typexpr/bsObjSugar.js\\", line 28, characters 10-19:


26 â”‚  
27 â”‚  type state = {
[31m28[0m â”‚    \\"age\\": ,
29 â”‚    \\"name\\": string
30 â”‚  }

I'm missing a type here


File \\"/syntax/tests/parsing/errors/typexpr/bsObjSugar.js\\", line 33, characters 18-27:


31 â”‚  
32 â”‚  type state = {
[31m33[0m â”‚    @bs.set \\"age\\": ,
34 â”‚    \\"name\\": string
35 â”‚  }

I'm missing a type here


File \\"/syntax/tests/parsing/errors/typexpr/bsObjSugar.js\\", line 37, characters 23-25:


35 â”‚  }
36 â”‚  
[31m37[0m â”‚  type state = {.. \\"age\\":[31m }[0m
38 â”‚  type state = {
39 â”‚    ..

I'm missing a type here


File \\"/syntax/tests/parsing/errors/typexpr/bsObjSugar.js\\", line 40, characters 7-17:


38 â”‚  type state = {
39 â”‚    ..
[31m40[0m â”‚    \\"age\\"           
             [31m^[0m
41 â”‚    \\"name\\": string
42 â”‚  }

Did you forget a \`:\` here? It signals the start of a type


File \\"/syntax/tests/parsing/errors/typexpr/bsObjSugar.js\\", line 45, characters 7-19:


43 â”‚  
44 â”‚  type websocket = {
[31m45[0m â”‚    \\"id\\":
46 â”‚    \\"channel\\": channelTyp
47 â”‚  }

I'm missing a type here


File \\"/syntax/tests/parsing/errors/typexpr/bsObjSugar.js\\", line 50, characters 6-7:


48 â”‚  
49 â”‚  type websocket = {
[31m50[0m â”‚    \\"id\\"          
            [31m^[0m

Did you forget a \`:\` here? It signals the start of a type



========================================================"
`;

exports[`typeConstructorArgs.js 1`] = `
"=====Parsetree==========================================
type nonrec 'a node = {
  _value: 'a Js.Nullable.value }
type nonrec 'a t = 'a Belt.Map.t
type nonrec 'a t = private 'a Belt.Map.t
type nonrec t = int node option
type nonrec t = int node option
=====Errors=============================================

File \\"/syntax/tests/parsing/errors/typexpr/typeConstructorArgs.js\\", line 2, characters 27-31:


1 â”‚  type node<'a> = {
[31m2[0m â”‚    _value: Js.Nullable.value[31m('a)[0m
3 â”‚  }
4 â”‚  

Type parameters require angle brackets:
  Js.Nullable.value<'a>



File \\"/syntax/tests/parsing/errors/typexpr/typeConstructorArgs.js\\", line 5, characters 23-27:


3 â”‚  }
4 â”‚  
[31m5[0m â”‚  type t<'a> = Belt.Map.t[31m('a)[0m
6 â”‚  type t<'a> = private Belt.Map.t('a)
7 â”‚  

Type parameters require angle brackets:
  Belt.Map.t<'a>



File \\"/syntax/tests/parsing/errors/typexpr/typeConstructorArgs.js\\", line 6, characters 31-35:


4 â”‚  
5 â”‚  type t<'a> = Belt.Map.t('a)
[31m6[0m â”‚  type t<'a> = private Belt.Map.t[31m('a)[0m
7 â”‚  
8 â”‚  type t = option<<node<int>>

Type parameters require angle brackets:
  Belt.Map.t<'a>



File \\"/syntax/tests/parsing/errors/typexpr/typeConstructorArgs.js\\", line 9, characters 27-28:


7 â”‚  
8 â”‚  type t = option<<node<int>>
[31m9[0m â”‚  type t = option(<node<int>>[31m)[0m

I'm not sure what to parse here when looking at \\")\\".



========================================================"
`;

exports[`typeVar.res 1`] = `
"=====Parsetree==========================================
type nonrec 'A x = '
type nonrec 'A x = 'let
=====Errors=============================================

File \\"/syntax/tests/parsing/errors/typexpr/typeVar.res\\", line 1, characters 14-15:


[31m1[0m â”‚  type x<'A> = '[31m_[0m
2 â”‚  type x<'A> = 'let

A type variable consists of a singlequote followed by a name like \`'a\` or \`'A\`


File \\"/syntax/tests/parsing/errors/typexpr/typeVar.res\\", line 2, characters 14-17:


1 â”‚  type x<'A> = '_
[31m2[0m â”‚  type x<'A> = '[31mlet[0m

\`let\` is a reserved keyword. Keywords need to be escaped: \\\\\\"let\\"



========================================================"
`;
